HiDDeN model: EncoderDecoder(
  (encoder): Encoder(
    (conv_layers): Sequential(
      (0): ConvBNRelu(
        (layers): Sequential(
          (0): Conv2d(3, 64, kernel_size=(3, 3), stride=(1, 1), padding=(1, 1))
          (1): BatchNorm2d(64, eps=1e-05, momentum=0.1, affine=True, track_running_stats=True)
          (2): ReLU(inplace=True)
        )
      )
      (1): ConvBNRelu(
        (layers): Sequential(
          (0): Conv2d(64, 64, kernel_size=(3, 3), stride=(1, 1), padding=(1, 1))
          (1): BatchNorm2d(64, eps=1e-05, momentum=0.1, affine=True, track_running_stats=True)
          (2): ReLU(inplace=True)
        )
      )
      (2): ConvBNRelu(
        (layers): Sequential(
          (0): Conv2d(64, 64, kernel_size=(3, 3), stride=(1, 1), padding=(1, 1))
          (1): BatchNorm2d(64, eps=1e-05, momentum=0.1, affine=True, track_running_stats=True)
          (2): ReLU(inplace=True)
        )
      )
      (3): ConvBNRelu(
        (layers): Sequential(
          (0): Conv2d(64, 64, kernel_size=(3, 3), stride=(1, 1), padding=(1, 1))
          (1): BatchNorm2d(64, eps=1e-05, momentum=0.1, affine=True, track_running_stats=True)
          (2): ReLU(inplace=True)
        )
      )
    )
    (after_concat_layer): ConvBNRelu(
      (layers): Sequential(
        (0): Conv2d(97, 64, kernel_size=(3, 3), stride=(1, 1), padding=(1, 1))
        (1): BatchNorm2d(64, eps=1e-05, momentum=0.1, affine=True, track_running_stats=True)
        (2): ReLU(inplace=True)
      )
    )
    (final_layer): Conv2d(64, 3, kernel_size=(1, 1), stride=(1, 1))
  )
  (noiser): Noiser()
  (decoder): Decoder(
    (layers): Sequential(
      (0): ConvBNRelu(
        (layers): Sequential(
          (0): Conv2d(3, 64, kernel_size=(3, 3), stride=(1, 1), padding=(1, 1))
          (1): BatchNorm2d(64, eps=1e-05, momentum=0.1, affine=True, track_running_stats=True)
          (2): ReLU(inplace=True)
        )
      )
      (1): ConvBNRelu(
        (layers): Sequential(
          (0): Conv2d(64, 64, kernel_size=(3, 3), stride=(1, 1), padding=(1, 1))
          (1): BatchNorm2d(64, eps=1e-05, momentum=0.1, affine=True, track_running_stats=True)
          (2): ReLU(inplace=True)
        )
      )
      (2): ConvBNRelu(
        (layers): Sequential(
          (0): Conv2d(64, 64, kernel_size=(3, 3), stride=(1, 1), padding=(1, 1))
          (1): BatchNorm2d(64, eps=1e-05, momentum=0.1, affine=True, track_running_stats=True)
          (2): ReLU(inplace=True)
        )
      )
      (3): ConvBNRelu(
        (layers): Sequential(
          (0): Conv2d(64, 64, kernel_size=(3, 3), stride=(1, 1), padding=(1, 1))
          (1): BatchNorm2d(64, eps=1e-05, momentum=0.1, affine=True, track_running_stats=True)
          (2): ReLU(inplace=True)
        )
      )
      (4): ConvBNRelu(
        (layers): Sequential(
          (0): Conv2d(64, 64, kernel_size=(3, 3), stride=(1, 1), padding=(1, 1))
          (1): BatchNorm2d(64, eps=1e-05, momentum=0.1, affine=True, track_running_stats=True)
          (2): ReLU(inplace=True)
        )
      )
      (5): ConvBNRelu(
        (layers): Sequential(
          (0): Conv2d(64, 64, kernel_size=(3, 3), stride=(1, 1), padding=(1, 1))
          (1): BatchNorm2d(64, eps=1e-05, momentum=0.1, affine=True, track_running_stats=True)
          (2): ReLU(inplace=True)
        )
      )
      (6): ConvBNRelu(
        (layers): Sequential(
          (0): Conv2d(64, 64, kernel_size=(3, 3), stride=(1, 1), padding=(1, 1))
          (1): BatchNorm2d(64, eps=1e-05, momentum=0.1, affine=True, track_running_stats=True)
          (2): ReLU(inplace=True)
        )
      )
      (7): ConvBNRelu(
        (layers): Sequential(
          (0): Conv2d(64, 30, kernel_size=(3, 3), stride=(1, 1), padding=(1, 1))
          (1): BatchNorm2d(30, eps=1e-05, momentum=0.1, affine=True, track_running_stats=True)
          (2): ReLU(inplace=True)
        )
      )
      (8): AdaptiveAvgPool2d(output_size=(1, 1))
    )
    (linear): Linear(in_features=30, out_features=30, bias=True)
  )
)
Discriminator(
  (before_linear): Sequential(
    (0): ConvBNRelu(
      (layers): Sequential(
        (0): Conv2d(3, 64, kernel_size=(3, 3), stride=(1, 1), padding=(1, 1))
        (1): BatchNorm2d(64, eps=1e-05, momentum=0.1, affine=True, track_running_stats=True)
        (2): ReLU(inplace=True)
      )
    )
    (1): ConvBNRelu(
      (layers): Sequential(
        (0): Conv2d(64, 64, kernel_size=(3, 3), stride=(1, 1), padding=(1, 1))
        (1): BatchNorm2d(64, eps=1e-05, momentum=0.1, affine=True, track_running_stats=True)
        (2): ReLU(inplace=True)
      )
    )
    (2): ConvBNRelu(
      (layers): Sequential(
        (0): Conv2d(64, 64, kernel_size=(3, 3), stride=(1, 1), padding=(1, 1))
        (1): BatchNorm2d(64, eps=1e-05, momentum=0.1, affine=True, track_running_stats=True)
        (2): ReLU(inplace=True)
      )
    )
    (3): AdaptiveAvgPool2d(output_size=(1, 1))
  )
  (linear): Linear(in_features=64, out_features=1, bias=True)
)

Model Configuration:

{'H': 128,
 'W': 128,
 'adversarial_loss': 0.001,
 'decoder_blocks': 7,
 'decoder_channels': 64,
 'decoder_loss': 1,
 'discriminator_blocks': 3,
 'discriminator_channels': 64,
 'enable_fp16': False,
 'encoder_blocks': 4,
 'encoder_channels': 64,
 'encoder_loss': 0.7,
 'message_length': 30,
 'use_discriminator': True,
 'use_vgg': False}

Noise configuration:

'[]'

Training train_options:

{'batch_size': 256,
 'experiment_name': 'my_hidden_coco_run',
 'number_of_epochs': 200,
 'runs_folder': './runs',
 'start_epoch': 1,
 'train_folder': '/content/coco2017/coco2017/train',
 'validation_folder': '/content/coco2017/coco2017/val'}

Starting epoch 1/200
Batch size = 256
Steps in epoch = 463
Epoch: 1/200 Step: 463/463
loss               0.2592
encoder_mse        0.0120
dec_mse            0.2498
bitwise-error      0.4204
adversarial_bce    1.0215
discr_cover_bce    0.5072
discr_encod_bce    0.5084
----------------------------------------
Epoch 1 training duration 526.18 sec
----------------------------------------
Running validation for epoch 1/200
loss               0.2507
encoder_mse        0.0066
dec_mse            0.2452
bitwise-error      0.4080
adversarial_bce    0.8691
discr_cover_bce    0.8517
discr_encod_bce    0.6548
----------------------------------------
Saving checkpoint to ./runs/my_hidden_coco_run 2026.06.11--12-31-25/checkpoints/my_hidden_coco_run--epoch-1.pyt
Saving checkpoint done.

Starting epoch 2/200
Batch size = 256
Steps in epoch = 463
Epoch: 2/200 Step: 463/463
loss               0.2051
encoder_mse        0.0070
dec_mse            0.1991
bitwise-error      0.3114
adversarial_bce    1.1194
discr_cover_bce    0.4673
discr_encod_bce    0.4725
----------------------------------------
Epoch 2 training duration 523.41 sec
----------------------------------------
Running validation for epoch 2/200
loss               0.1830
encoder_mse        0.0074
dec_mse            0.1768
bitwise-error      0.2611
adversarial_bce    1.0057
discr_cover_bce    0.9350
discr_encod_bce    0.4929
----------------------------------------
Saving checkpoint to ./runs/my_hidden_coco_run 2026.06.11--12-31-25/checkpoints/my_hidden_coco_run--epoch-2.pyt
Saving checkpoint done.

Starting epoch 3/200
Batch size = 256
Steps in epoch = 463
Epoch: 3/200 Step: 463/463
loss               0.1470
encoder_mse        0.0061
dec_mse            0.1415
bitwise-error      0.1923
adversarial_bce    1.1955
discr_cover_bce    0.4579
discr_encod_bce    0.4609
----------------------------------------
Epoch 3 training duration 523.30 sec
----------------------------------------
Running validation for epoch 3/200
loss               0.1472
encoder_mse        0.0049
dec_mse            0.1425
bitwise-error      0.1912
adversarial_bce    1.1928
discr_cover_bce    0.8242
discr_encod_bce    0.4353
----------------------------------------
Saving checkpoint to ./runs/my_hidden_coco_run 2026.06.11--12-31-25/checkpoints/my_hidden_coco_run--epoch-3.pyt
Saving checkpoint done.

Starting epoch 4/200
Batch size = 256
Steps in epoch = 463
Epoch: 4/200 Step: 463/463
loss               0.1167
encoder_mse        0.0051
dec_mse            0.1113
bitwise-error      0.1336
adversarial_bce    1.8133
discr_cover_bce    0.2595
discr_encod_bce    0.2526
----------------------------------------
Epoch 4 training duration 523.33 sec
----------------------------------------
Running validation for epoch 4/200
loss               0.1205
encoder_mse        0.0045
dec_mse            0.1158
bitwise-error      0.1414
adversarial_bce    1.4994
discr_cover_bce    0.6290
discr_encod_bce    0.3943
----------------------------------------
Saving checkpoint to ./runs/my_hidden_coco_run 2026.06.11--12-31-25/checkpoints/my_hidden_coco_run--epoch-4.pyt
Saving checkpoint done.

Starting epoch 5/200
Batch size = 256
Steps in epoch = 463
Epoch: 5/200 Step: 463/463
loss               0.0897
encoder_mse        0.0045
dec_mse            0.0845
bitwise-error      0.0846
adversarial_bce    2.0619
discr_cover_bce    0.2262
discr_encod_bce    0.2226
----------------------------------------
Epoch 5 training duration 523.24 sec
----------------------------------------
Running validation for epoch 5/200
loss               0.1200
encoder_mse        0.0041
dec_mse            0.1155
bitwise-error      0.1230
adversarial_bce    1.5900
discr_cover_bce    0.6520
discr_encod_bce    0.3763
----------------------------------------
Saving checkpoint to ./runs/my_hidden_coco_run 2026.06.11--12-31-25/checkpoints/my_hidden_coco_run--epoch-5.pyt
Saving checkpoint done.

Starting epoch 6/200
Batch size = 256
Steps in epoch = 463
Epoch: 6/200 Step: 463/463
loss               0.0796
encoder_mse        0.0040
dec_mse            0.0746
bitwise-error      0.0687
adversarial_bce    2.1349
discr_cover_bce    0.2296
discr_encod_bce    0.2269
----------------------------------------
Epoch 6 training duration 523.26 sec
----------------------------------------
Running validation for epoch 6/200
loss               0.1048
encoder_mse        0.0040
dec_mse            0.1005
bitwise-error      0.1013
adversarial_bce    1.4814
discr_cover_bce    0.9199
discr_encod_bce    0.3780
----------------------------------------
Saving checkpoint to ./runs/my_hidden_coco_run 2026.06.11--12-31-25/checkpoints/my_hidden_coco_run--epoch-6.pyt
Saving checkpoint done.

Starting epoch 7/200
Batch size = 256
Steps in epoch = 463
Epoch: 7/200 Step: 463/463
loss               0.0714
encoder_mse        0.0036
dec_mse            0.0666
bitwise-error      0.0557
adversarial_bce    2.2694
discr_cover_bce    0.2060
discr_encod_bce    0.2062
----------------------------------------
Epoch 7 training duration 523.34 sec
----------------------------------------
Running validation for epoch 7/200
loss               0.0962
encoder_mse        0.0035
dec_mse            0.0924
bitwise-error      0.0938
adversarial_bce    1.3530
discr_cover_bce    0.3854
discr_encod_bce    0.4459
----------------------------------------
Saving checkpoint to ./runs/my_hidden_coco_run 2026.06.11--12-31-25/checkpoints/my_hidden_coco_run--epoch-7.pyt
Saving checkpoint done.

Starting epoch 8/200
Batch size = 256
Steps in epoch = 463
Epoch: 8/200 Step: 463/463
loss               0.0668
encoder_mse        0.0036
dec_mse            0.0621
bitwise-error      0.0490
adversarial_bce    2.2315
discr_cover_bce    0.2181
discr_encod_bce    0.2160
----------------------------------------
Epoch 8 training duration 523.28 sec
----------------------------------------
Running validation for epoch 8/200
loss               0.1111
encoder_mse        0.0031
dec_mse            0.1067
bitwise-error      0.0871
adversarial_bce    2.2346
discr_cover_bce    0.7109
discr_encod_bce    0.1898
----------------------------------------
Saving checkpoint to ./runs/my_hidden_coco_run 2026.06.11--12-31-25/checkpoints/my_hidden_coco_run--epoch-8.pyt
Saving checkpoint done.

Starting epoch 9/200
Batch size = 256
Steps in epoch = 463
Epoch: 9/200 Step: 463/463
loss               0.0617
encoder_mse        0.0032
dec_mse            0.0575
bitwise-error      0.0430
adversarial_bce    1.9999
discr_cover_bce    0.2555
discr_encod_bce    0.2530
----------------------------------------
Epoch 9 training duration 523.25 sec
----------------------------------------
Running validation for epoch 9/200
loss               0.0819
encoder_mse        0.0030
dec_mse            0.0780
bitwise-error      0.0703
adversarial_bce    1.7718
discr_cover_bce    0.5737
discr_encod_bce    0.4330
----------------------------------------
Saving checkpoint to ./runs/my_hidden_coco_run 2026.06.11--12-31-25/checkpoints/my_hidden_coco_run--epoch-9.pyt
Saving checkpoint done.

Starting epoch 10/200
Batch size = 256
Steps in epoch = 463
Epoch: 10/200 Step: 463/463
loss               0.0614
encoder_mse        0.0031
dec_mse            0.0573
bitwise-error      0.0431
adversarial_bce    2.0239
discr_cover_bce    0.2726
discr_encod_bce    0.2716
----------------------------------------
Epoch 10 training duration 523.42 sec
----------------------------------------
Running validation for epoch 10/200
loss               0.1063
encoder_mse        0.0022
dec_mse            0.1030
bitwise-error      0.0901
adversarial_bce    1.7819
discr_cover_bce    0.4660
discr_encod_bce    0.2481
----------------------------------------
Saving checkpoint to ./runs/my_hidden_coco_run 2026.06.11--12-31-25/checkpoints/my_hidden_coco_run--epoch-10.pyt
Saving checkpoint done.

Starting epoch 11/200
Batch size = 256
Steps in epoch = 463
Epoch: 11/200 Step: 463/463
loss               0.0599
encoder_mse        0.0026
dec_mse            0.0563
bitwise-error      0.0424
adversarial_bce    1.8283
discr_cover_bce    0.2842
discr_encod_bce    0.2848
----------------------------------------
Epoch 11 training duration 523.30 sec
----------------------------------------
Running validation for epoch 11/200
loss               0.0783
encoder_mse        0.0022
dec_mse            0.0756
bitwise-error      0.0679
adversarial_bce    1.1869
discr_cover_bce    0.2393
discr_encod_bce    0.5385
----------------------------------------
Saving checkpoint to ./runs/my_hidden_coco_run 2026.06.11--12-31-25/checkpoints/my_hidden_coco_run--epoch-11.pyt
Saving checkpoint done.

Starting epoch 12/200
Batch size = 256
Steps in epoch = 463
Epoch: 12/200 Step: 463/463
loss               0.0588
encoder_mse        0.0026
dec_mse            0.0552
bitwise-error      0.0411
adversarial_bce    1.7781
discr_cover_bce    0.3028
discr_encod_bce    0.3036
----------------------------------------
Epoch 12 training duration 523.39 sec
----------------------------------------
Running validation for epoch 12/200
loss               0.1543
encoder_mse        0.0021
dec_mse            0.1508
bitwise-error      0.1468
adversarial_bce    2.0235
discr_cover_bce    0.8197
discr_encod_bce    0.2374
----------------------------------------
Saving checkpoint to ./runs/my_hidden_coco_run 2026.06.11--12-31-25/checkpoints/my_hidden_coco_run--epoch-12.pyt
Saving checkpoint done.

Starting epoch 13/200
Batch size = 256
Steps in epoch = 463
Epoch: 13/200 Step: 463/463
loss               0.0518
encoder_mse        0.0023
dec_mse            0.0484
bitwise-error      0.0322
adversarial_bce    1.7697
discr_cover_bce    0.2908
discr_encod_bce    0.2919
----------------------------------------
Epoch 13 training duration 523.38 sec
----------------------------------------
Running validation for epoch 13/200
loss               0.0802
encoder_mse        0.0019
dec_mse            0.0773
bitwise-error      0.0594
adversarial_bce    1.5108
discr_cover_bce    0.5617
discr_encod_bce    0.4310
----------------------------------------
Saving checkpoint to ./runs/my_hidden_coco_run 2026.06.11--12-31-25/checkpoints/my_hidden_coco_run--epoch-13.pyt
Saving checkpoint done.

Starting epoch 14/200
Batch size = 256
Steps in epoch = 463
Epoch: 14/200 Step: 463/463
loss               0.0490
encoder_mse        0.0032
dec_mse            0.0441
bitwise-error      0.0270
adversarial_bce    2.6608
discr_cover_bce    0.1695
discr_encod_bce    0.1749
----------------------------------------
Epoch 14 training duration 523.35 sec
----------------------------------------
Running validation for epoch 14/200
loss               0.0545
encoder_mse        0.0018
dec_mse            0.0518
bitwise-error      0.0366
adversarial_bce    1.4472
discr_cover_bce    0.3900
discr_encod_bce    0.3598
----------------------------------------
Saving checkpoint to ./runs/my_hidden_coco_run 2026.06.11--12-31-25/checkpoints/my_hidden_coco_run--epoch-14.pyt
Saving checkpoint done.

Starting epoch 15/200
Batch size = 256
Steps in epoch = 463
Epoch: 15/200 Step: 463/463
loss               0.0439
encoder_mse        0.0022
dec_mse            0.0404
bitwise-error      0.0241
adversarial_bce    1.9053
discr_cover_bce    0.2540
discr_encod_bce    0.2539
----------------------------------------
Epoch 15 training duration 523.36 sec
----------------------------------------
Running validation for epoch 15/200
loss               0.0537
encoder_mse        0.0016
dec_mse            0.0510
bitwise-error      0.0333
adversarial_bce    1.6556
discr_cover_bce    0.4836
discr_encod_bce    0.3087
----------------------------------------
Saving checkpoint to ./runs/my_hidden_coco_run 2026.06.11--12-31-25/checkpoints/my_hidden_coco_run--epoch-15.pyt
Saving checkpoint done.

Starting epoch 16/200
Batch size = 256
Steps in epoch = 463
Epoch: 16/200 Step: 463/463
loss               0.0426
encoder_mse        0.0023
dec_mse            0.0393
bitwise-error      0.0230
adversarial_bce    1.7482
discr_cover_bce    0.3169
discr_encod_bce    0.3163
----------------------------------------
Epoch 16 training duration 523.31 sec
----------------------------------------
Running validation for epoch 16/200
loss               0.0562
encoder_mse        0.0019
dec_mse            0.0531
bitwise-error      0.0296
adversarial_bce    1.7690
discr_cover_bce    0.5206
discr_encod_bce    0.2867
----------------------------------------
Saving checkpoint to ./runs/my_hidden_coco_run 2026.06.11--12-31-25/checkpoints/my_hidden_coco_run--epoch-16.pyt
Saving checkpoint done.

Starting epoch 17/200
Batch size = 256
Steps in epoch = 463
Epoch: 17/200 Step: 463/463
loss               0.0358
encoder_mse        0.0020
dec_mse            0.0326
bitwise-error      0.0157
adversarial_bce    1.7730
discr_cover_bce    0.3162
discr_encod_bce    0.3118
----------------------------------------
Epoch 17 training duration 523.40 sec
----------------------------------------
Running validation for epoch 17/200
loss               0.0493
encoder_mse        0.0014
dec_mse            0.0474
bitwise-error      0.0253
adversarial_bce    0.9334
discr_cover_bce    0.1847
discr_encod_bce    0.8856
----------------------------------------
Saving checkpoint to ./runs/my_hidden_coco_run 2026.06.11--12-31-25/checkpoints/my_hidden_coco_run--epoch-17.pyt
Saving checkpoint done.

Starting epoch 18/200
Batch size = 256
Steps in epoch = 463
Epoch: 18/200 Step: 463/463
loss               0.0348
encoder_mse        0.0019
dec_mse            0.0317
bitwise-error      0.0156
adversarial_bce    1.7284
discr_cover_bce    0.3089
discr_encod_bce    0.3069
----------------------------------------
Epoch 18 training duration 523.40 sec
----------------------------------------
Running validation for epoch 18/200
loss               0.0470
encoder_mse        0.0017
dec_mse            0.0447
bitwise-error      0.0224
adversarial_bce    1.1107
discr_cover_bce    0.5556
discr_encod_bce    0.7242
----------------------------------------
Saving checkpoint to ./runs/my_hidden_coco_run 2026.06.11--12-31-25/checkpoints/my_hidden_coco_run--epoch-18.pyt
Saving checkpoint done.

Starting epoch 19/200
Batch size = 256
Steps in epoch = 463
Epoch: 19/200 Step: 463/463
loss               0.0340
encoder_mse        0.0018
dec_mse            0.0310
bitwise-error      0.0153
adversarial_bce    1.6298
discr_cover_bce    0.3566
discr_encod_bce    0.3562
----------------------------------------
Epoch 19 training duration 523.43 sec
----------------------------------------
Running validation for epoch 19/200
loss               0.0512
encoder_mse        0.0012
dec_mse            0.0494
bitwise-error      0.0238
adversarial_bce    0.8956
discr_cover_bce    0.2610
discr_encod_bce    0.8182
----------------------------------------
Saving checkpoint to ./runs/my_hidden_coco_run 2026.06.11--12-31-25/checkpoints/my_hidden_coco_run--epoch-19.pyt
Saving checkpoint done.

Starting epoch 20/200
Batch size = 256
Steps in epoch = 463
Epoch: 20/200 Step: 463/463
loss               0.0339
encoder_mse        0.0019
dec_mse            0.0309
bitwise-error      0.0154
adversarial_bce    1.6578
discr_cover_bce    0.3300
discr_encod_bce    0.3267
----------------------------------------
Epoch 20 training duration 523.30 sec
----------------------------------------
Running validation for epoch 20/200
loss               0.0430
encoder_mse        0.0013
dec_mse            0.0408
bitwise-error      0.0222
adversarial_bce    1.3869
discr_cover_bce    0.5218
discr_encod_bce    0.3820
----------------------------------------
Saving checkpoint to ./runs/my_hidden_coco_run 2026.06.11--12-31-25/checkpoints/my_hidden_coco_run--epoch-20.pyt
Saving checkpoint done.

Starting epoch 21/200
Batch size = 256
Steps in epoch = 463
Epoch: 21/200 Step: 463/463
loss               0.0335
encoder_mse        0.0017
dec_mse            0.0306
bitwise-error      0.0156
adversarial_bce    1.6271
discr_cover_bce    0.3494
discr_encod_bce    0.3489
----------------------------------------
Epoch 21 training duration 523.42 sec
----------------------------------------
Running validation for epoch 21/200
loss               0.0478
encoder_mse        0.0014
dec_mse            0.0453
bitwise-error      0.0262
adversarial_bce    1.4747
discr_cover_bce    0.6763
discr_encod_bce    0.3572
----------------------------------------
Saving checkpoint to ./runs/my_hidden_coco_run 2026.06.11--12-31-25/checkpoints/my_hidden_coco_run--epoch-21.pyt
Saving checkpoint done.

Starting epoch 22/200
Batch size = 256
Steps in epoch = 463
Epoch: 22/200 Step: 463/463
loss               0.0335
encoder_mse        0.0017
dec_mse            0.0307
bitwise-error      0.0161
adversarial_bce    1.6667
discr_cover_bce    0.3285
discr_encod_bce    0.3287
----------------------------------------
Epoch 22 training duration 523.31 sec
----------------------------------------
Running validation for epoch 22/200
loss               0.0555
encoder_mse        0.0012
dec_mse            0.0510
bitwise-error      0.0279
adversarial_bce    3.7307
discr_cover_bce    2.0019
discr_encod_bce    0.0379
----------------------------------------
Saving checkpoint to ./runs/my_hidden_coco_run 2026.06.11--12-31-25/checkpoints/my_hidden_coco_run--epoch-22.pyt
Saving checkpoint done.

Starting epoch 23/200
Batch size = 256
Steps in epoch = 463
Epoch: 23/200 Step: 463/463
loss               0.0337
encoder_mse        0.0018
dec_mse            0.0307
bitwise-error      0.0163
adversarial_bce    1.7178
discr_cover_bce    0.3344
discr_encod_bce    0.3282
----------------------------------------
Epoch 23 training duration 523.26 sec
----------------------------------------
Running validation for epoch 23/200
loss               0.0477
encoder_mse        0.0012
dec_mse            0.0460
bitwise-error      0.0257
adversarial_bce    0.9252
discr_cover_bce    0.2352
discr_encod_bce    0.6587
----------------------------------------
Saving checkpoint to ./runs/my_hidden_coco_run 2026.06.11--12-31-25/checkpoints/my_hidden_coco_run--epoch-23.pyt
Saving checkpoint done.

Starting epoch 24/200
Batch size = 256
Steps in epoch = 463
Epoch: 24/200 Step: 463/463
loss               0.0332
encoder_mse        0.0017
dec_mse            0.0303
bitwise-error      0.0163
adversarial_bce    1.6898
discr_cover_bce    0.3194
discr_encod_bce    0.3157
----------------------------------------
Epoch 24 training duration 523.48 sec
----------------------------------------
Running validation for epoch 24/200
loss               0.0548
encoder_mse        0.0013
dec_mse            0.0527
bitwise-error      0.0337
adversarial_bce    1.1716
discr_cover_bce    0.4748
discr_encod_bce    0.7763
----------------------------------------
Saving checkpoint to ./runs/my_hidden_coco_run 2026.06.11--12-31-25/checkpoints/my_hidden_coco_run--epoch-24.pyt
Saving checkpoint done.

Starting epoch 25/200
Batch size = 256
Steps in epoch = 463
Epoch: 25/200 Step: 463/463
loss               0.0330
encoder_mse        0.0017
dec_mse            0.0301
bitwise-error      0.0165
adversarial_bce    1.7165
discr_cover_bce    0.3240
discr_encod_bce    0.3220
----------------------------------------
Epoch 25 training duration 523.43 sec
----------------------------------------
Running validation for epoch 25/200
loss               0.0521
encoder_mse        0.0012
dec_mse            0.0496
bitwise-error      0.0218
adversarial_bce    1.6060
discr_cover_bce    0.9464
discr_encod_bce    0.6075
----------------------------------------
Saving checkpoint to ./runs/my_hidden_coco_run 2026.06.11--12-31-25/checkpoints/my_hidden_coco_run--epoch-25.pyt
Saving checkpoint done.

Starting epoch 26/200
Batch size = 256
Steps in epoch = 463
Epoch: 26/200 Step: 463/463
loss               0.0259
encoder_mse        0.0017
dec_mse            0.0231
bitwise-error      0.0105
adversarial_bce    1.6251
discr_cover_bce    0.3921
discr_encod_bce    0.3975
----------------------------------------
Epoch 26 training duration 523.45 sec
----------------------------------------
Running validation for epoch 26/200
loss               0.0352
encoder_mse        0.0011
dec_mse            0.0335
bitwise-error      0.0139
adversarial_bce    0.9734
discr_cover_bce    0.4144
discr_encod_bce    0.5829
----------------------------------------
Saving checkpoint to ./runs/my_hidden_coco_run 2026.06.11--12-31-25/checkpoints/my_hidden_coco_run--epoch-26.pyt
Saving checkpoint done.

Starting epoch 27/200
Batch size = 256
Steps in epoch = 463
Epoch: 27/200 Step: 463/463
loss               0.0251
encoder_mse        0.0016
dec_mse            0.0224
bitwise-error      0.0104
adversarial_bce    1.5924
discr_cover_bce    0.3544
discr_encod_bce    0.3497
----------------------------------------
Epoch 27 training duration 523.36 sec
----------------------------------------
Running validation for epoch 27/200
loss               0.0322
encoder_mse        0.0010
dec_mse            0.0304
bitwise-error      0.0121
adversarial_bce    1.0693
discr_cover_bce    0.3005
discr_encod_bce    0.5256
----------------------------------------
Saving checkpoint to ./runs/my_hidden_coco_run 2026.06.11--12-31-25/checkpoints/my_hidden_coco_run--epoch-27.pyt
Saving checkpoint done.

Starting epoch 28/200
Batch size = 256
Steps in epoch = 463
Epoch: 28/200 Step: 463/463
loss               0.0251
encoder_mse        0.0016
dec_mse            0.0222
bitwise-error      0.0103
adversarial_bce    1.7369
discr_cover_bce    0.3121
discr_encod_bce    0.3086
----------------------------------------
Epoch 28 training duration 523.29 sec
----------------------------------------
Running validation for epoch 28/200
loss               0.0462
encoder_mse        0.0009
dec_mse            0.0446
bitwise-error      0.0207
adversarial_bce    0.9929
discr_cover_bce    0.2920
discr_encod_bce    0.7026
----------------------------------------
Saving checkpoint to ./runs/my_hidden_coco_run 2026.06.11--12-31-25/checkpoints/my_hidden_coco_run--epoch-28.pyt
Saving checkpoint done.

Starting epoch 29/200
Batch size = 256
Steps in epoch = 463
Epoch: 29/200 Step: 463/463
loss               0.0248
encoder_mse        0.0016
dec_mse            0.0220
bitwise-error      0.0105
adversarial_bce    1.6105
discr_cover_bce    0.3614
discr_encod_bce    0.3595
----------------------------------------
Epoch 29 training duration 523.32 sec
----------------------------------------
Running validation for epoch 29/200
loss               0.0314
encoder_mse        0.0010
dec_mse            0.0295
bitwise-error      0.0132
adversarial_bce    1.1370
discr_cover_bce    0.3721
discr_encod_bce    0.4812
----------------------------------------
Saving checkpoint to ./runs/my_hidden_coco_run 2026.06.11--12-31-25/checkpoints/my_hidden_coco_run--epoch-29.pyt
Saving checkpoint done.

Starting epoch 30/200
Batch size = 256
Steps in epoch = 463
Epoch: 30/200 Step: 463/463
loss               0.0229
encoder_mse        0.0016
dec_mse            0.0201
bitwise-error      0.0089
adversarial_bce    1.7075
discr_cover_bce    0.3147
discr_encod_bce    0.3114
----------------------------------------
Epoch 30 training duration 523.37 sec
----------------------------------------
Running validation for epoch 30/200
loss               0.0334
encoder_mse        0.0010
dec_mse            0.0311
bitwise-error      0.0091
adversarial_bce    1.5934
discr_cover_bce    0.4250
discr_encod_bce    0.3163
----------------------------------------
Saving checkpoint to ./runs/my_hidden_coco_run 2026.06.11--12-31-25/checkpoints/my_hidden_coco_run--epoch-30.pyt
Saving checkpoint done.

Starting epoch 31/200
Batch size = 256
Steps in epoch = 463
Epoch: 31/200 Step: 463/463
loss               0.0175
encoder_mse        0.0016
dec_mse            0.0146
bitwise-error      0.0050
adversarial_bce    1.7945
discr_cover_bce    0.3024
discr_encod_bce    0.3010
----------------------------------------
Epoch 31 training duration 523.38 sec
----------------------------------------
Running validation for epoch 31/200
loss               0.0209
encoder_mse        0.0011
dec_mse            0.0194
bitwise-error      0.0047
adversarial_bce    0.8354
discr_cover_bce    0.1375
discr_encod_bce    0.7929
----------------------------------------
Saving checkpoint to ./runs/my_hidden_coco_run 2026.06.11--12-31-25/checkpoints/my_hidden_coco_run--epoch-31.pyt
Saving checkpoint done.

Starting epoch 32/200
Batch size = 256
Steps in epoch = 463
Epoch: 32/200 Step: 463/463
loss               0.0167
encoder_mse        0.0016
dec_mse            0.0139
bitwise-error      0.0049
adversarial_bce    1.6728
discr_cover_bce    0.3385
discr_encod_bce    0.3366
----------------------------------------
Epoch 32 training duration 523.35 sec
----------------------------------------
Running validation for epoch 32/200
loss               0.0224
encoder_mse        0.0015
dec_mse            0.0202
bitwise-error      0.0052
adversarial_bce    1.1725
discr_cover_bce    0.3212
discr_encod_bce    0.7229
----------------------------------------
Saving checkpoint to ./runs/my_hidden_coco_run 2026.06.11--12-31-25/checkpoints/my_hidden_coco_run--epoch-32.pyt
Saving checkpoint done.

Starting epoch 33/200
Batch size = 256
Steps in epoch = 463
Epoch: 33/200 Step: 463/463
loss               0.0168
encoder_mse        0.0015
dec_mse            0.0140
bitwise-error      0.0051
adversarial_bce    1.7745
discr_cover_bce    0.3238
discr_encod_bce    0.3214
----------------------------------------
Epoch 33 training duration 523.41 sec
----------------------------------------
Running validation for epoch 33/200
loss               0.0228
encoder_mse        0.0009
dec_mse            0.0209
bitwise-error      0.0067
adversarial_bce    1.2412
discr_cover_bce    0.3149
discr_encod_bce    0.4322
----------------------------------------
Saving checkpoint to ./runs/my_hidden_coco_run 2026.06.11--12-31-25/checkpoints/my_hidden_coco_run--epoch-33.pyt
Saving checkpoint done.

Starting epoch 34/200
Batch size = 256
Steps in epoch = 463
Epoch: 34/200 Step: 463/463
loss               0.0162
encoder_mse        0.0016
dec_mse            0.0135
bitwise-error      0.0051
adversarial_bce    1.5933
discr_cover_bce    0.3605
discr_encod_bce    0.3596
----------------------------------------
Epoch 34 training duration 523.33 sec
----------------------------------------
Running validation for epoch 34/200
loss               0.0238
encoder_mse        0.0011
dec_mse            0.0219
bitwise-error      0.0053
adversarial_bce    1.1134
discr_cover_bce    0.3413
discr_encod_bce    0.7220
----------------------------------------
Saving checkpoint to ./runs/my_hidden_coco_run 2026.06.11--12-31-25/checkpoints/my_hidden_coco_run--epoch-34.pyt
Saving checkpoint done.

Starting epoch 35/200
Batch size = 256
Steps in epoch = 463
Epoch: 35/200 Step: 463/463
loss               0.0131
encoder_mse        0.0015
dec_mse            0.0104
bitwise-error      0.0025
adversarial_bce    1.6513
discr_cover_bce    0.3260
discr_encod_bce    0.3234
----------------------------------------
Epoch 35 training duration 523.38 sec
----------------------------------------
Running validation for epoch 35/200
loss               0.0230
encoder_mse        0.0008
dec_mse            0.0208
bitwise-error      0.0012
adversarial_bce    1.6347
discr_cover_bce    0.4336
discr_encod_bce    0.2899
----------------------------------------
Saving checkpoint to ./runs/my_hidden_coco_run 2026.06.11--12-31-25/checkpoints/my_hidden_coco_run--epoch-35.pyt
Saving checkpoint done.

Starting epoch 36/200
Batch size = 256
Steps in epoch = 463
Epoch: 36/200 Step: 463/463
loss               0.0093
encoder_mse        0.0016
dec_mse            0.0065
bitwise-error      0.0005
adversarial_bce    1.6655
discr_cover_bce    0.3636
discr_encod_bce    0.3583
----------------------------------------
Epoch 36 training duration 523.37 sec
----------------------------------------
Running validation for epoch 36/200
loss               0.0218
encoder_mse        0.0010
dec_mse            0.0204
bitwise-error      0.0014
adversarial_bce    0.6332
discr_cover_bce    0.1516
discr_encod_bce    1.0351
----------------------------------------
Saving checkpoint to ./runs/my_hidden_coco_run 2026.06.11--12-31-25/checkpoints/my_hidden_coco_run--epoch-36.pyt
Saving checkpoint done.

Starting epoch 37/200
Batch size = 256
Steps in epoch = 463
Epoch: 37/200 Step: 463/463
loss               0.0087
encoder_mse        0.0016
dec_mse            0.0060
bitwise-error      0.0005
adversarial_bce    1.6825
discr_cover_bce    0.3332
discr_encod_bce    0.3273
----------------------------------------
Epoch 37 training duration 523.26 sec
----------------------------------------
Running validation for epoch 37/200
loss               0.0162
encoder_mse        0.0009
dec_mse            0.0152
bitwise-error      0.0006
adversarial_bce    0.2703
discr_cover_bce    0.0679
discr_encod_bce    1.8769
----------------------------------------
Saving checkpoint to ./runs/my_hidden_coco_run 2026.06.11--12-31-25/checkpoints/my_hidden_coco_run--epoch-37.pyt
Saving checkpoint done.

Starting epoch 38/200
Batch size = 256
Steps in epoch = 463
Epoch: 38/200 Step: 463/463
loss               0.0082
encoder_mse        0.0015
dec_mse            0.0056
bitwise-error      0.0004
adversarial_bce    1.5755
discr_cover_bce    0.3575
discr_encod_bce    0.3575
----------------------------------------
Epoch 38 training duration 523.36 sec
----------------------------------------
Running validation for epoch 38/200
loss               0.0122
encoder_mse        0.0012
dec_mse            0.0104
bitwise-error      0.0004
adversarial_bce    0.8847
discr_cover_bce    0.2292
discr_encod_bce    0.6784
----------------------------------------
Saving checkpoint to ./runs/my_hidden_coco_run 2026.06.11--12-31-25/checkpoints/my_hidden_coco_run--epoch-38.pyt
Saving checkpoint done.

Starting epoch 39/200
Batch size = 256
Steps in epoch = 463
Epoch: 39/200 Step: 463/463
loss               0.0079
encoder_mse        0.0015
dec_mse            0.0054
bitwise-error      0.0004
adversarial_bce    1.5453
discr_cover_bce    0.3960
discr_encod_bce    0.3900
----------------------------------------
Epoch 39 training duration 523.43 sec
----------------------------------------
Running validation for epoch 39/200
loss               0.0104
encoder_mse        0.0008
dec_mse            0.0091
bitwise-error      0.0004
adversarial_bce    0.7372
discr_cover_bce    0.1628
discr_encod_bce    0.8560
----------------------------------------
Saving checkpoint to ./runs/my_hidden_coco_run 2026.06.11--12-31-25/checkpoints/my_hidden_coco_run--epoch-39.pyt
Saving checkpoint done.

Starting epoch 40/200
Batch size = 256
Steps in epoch = 463
Epoch: 40/200 Step: 463/463
loss               0.0079
encoder_mse        0.0015
dec_mse            0.0053
bitwise-error      0.0004
adversarial_bce    1.5769
discr_cover_bce    0.3511
discr_encod_bce    0.3523
----------------------------------------
Epoch 40 training duration 523.26 sec
----------------------------------------
Running validation for epoch 40/200
loss               0.0162
encoder_mse        0.0010
dec_mse            0.0145
bitwise-error      0.0004
adversarial_bce    1.0120
discr_cover_bce    0.2493
discr_encod_bce    0.5682
----------------------------------------
Saving checkpoint to ./runs/my_hidden_coco_run 2026.06.11--12-31-25/checkpoints/my_hidden_coco_run--epoch-40.pyt
Saving checkpoint done.

Starting epoch 41/200
Batch size = 256
Steps in epoch = 463
Epoch: 41/200 Step: 463/463
loss               0.0077
encoder_mse        0.0015
dec_mse            0.0051
bitwise-error      0.0004
adversarial_bce    1.5719
discr_cover_bce    0.3727
discr_encod_bce    0.3662
----------------------------------------
Epoch 41 training duration 523.30 sec
----------------------------------------
Running validation for epoch 41/200
loss               0.0103
encoder_mse        0.0012
dec_mse            0.0079
bitwise-error      0.0003
adversarial_bce    1.5753
discr_cover_bce    0.6750
discr_encod_bce    0.4721
----------------------------------------
Saving checkpoint to ./runs/my_hidden_coco_run 2026.06.11--12-31-25/checkpoints/my_hidden_coco_run--epoch-41.pyt
Saving checkpoint done.

Starting epoch 42/200
Batch size = 256
Steps in epoch = 463
Epoch: 42/200 Step: 463/463
loss               0.0077
encoder_mse        0.0016
dec_mse            0.0050
bitwise-error      0.0004
adversarial_bce    1.6037
discr_cover_bce    0.3656
discr_encod_bce    0.3603
----------------------------------------
Epoch 42 training duration 523.29 sec
----------------------------------------
Running validation for epoch 42/200
loss               0.0140
encoder_mse        0.0009
dec_mse            0.0125
bitwise-error      0.0003
adversarial_bce    0.8326
discr_cover_bce    0.1938
discr_encod_bce    0.6766
----------------------------------------
Saving checkpoint to ./runs/my_hidden_coco_run 2026.06.11--12-31-25/checkpoints/my_hidden_coco_run--epoch-42.pyt
Saving checkpoint done.

Starting epoch 43/200
Batch size = 256
Steps in epoch = 463
Epoch: 43/200 Step: 463/463
loss               0.0080
encoder_mse        0.0015
dec_mse            0.0053
bitwise-error      0.0005
adversarial_bce    1.6547
discr_cover_bce    0.3312
discr_encod_bce    0.3295
----------------------------------------
Epoch 43 training duration 523.31 sec
----------------------------------------
Running validation for epoch 43/200
loss               0.0118
encoder_mse        0.0008
dec_mse            0.0089
bitwise-error      0.0004
adversarial_bce    2.3322
discr_cover_bce    0.8665
discr_encod_bce    0.1285
----------------------------------------
Saving checkpoint to ./runs/my_hidden_coco_run 2026.06.11--12-31-25/checkpoints/my_hidden_coco_run--epoch-43.pyt
Saving checkpoint done.

Starting epoch 44/200
Batch size = 256
Steps in epoch = 463
Epoch: 44/200 Step: 463/463
loss               0.0075
encoder_mse        0.0015
dec_mse            0.0049
bitwise-error      0.0004
adversarial_bce    1.6192
discr_cover_bce    0.3606
discr_encod_bce    0.3569
----------------------------------------
Epoch 44 training duration 523.57 sec
----------------------------------------
Running validation for epoch 44/200
loss               0.0119
encoder_mse        0.0009
dec_mse            0.0104
bitwise-error      0.0004
adversarial_bce    0.8259
discr_cover_bce    0.2615
discr_encod_bce    0.7895
----------------------------------------
Saving checkpoint to ./runs/my_hidden_coco_run 2026.06.11--12-31-25/checkpoints/my_hidden_coco_run--epoch-44.pyt
Saving checkpoint done.

Starting epoch 45/200
Batch size = 256
Steps in epoch = 463
Epoch: 45/200 Step: 463/463
loss               0.0072
encoder_mse        0.0015
dec_mse            0.0046
bitwise-error      0.0003
adversarial_bce    1.5166
discr_cover_bce    0.3861
discr_encod_bce    0.3838
----------------------------------------
Epoch 45 training duration 523.34 sec
----------------------------------------
Running validation for epoch 45/200
loss               0.0106
encoder_mse        0.0009
dec_mse            0.0092
bitwise-error      0.0005
adversarial_bce    0.7200
discr_cover_bce    0.1340
discr_encod_bce    0.8110
----------------------------------------
Saving checkpoint to ./runs/my_hidden_coco_run 2026.06.11--12-31-25/checkpoints/my_hidden_coco_run--epoch-45.pyt
Saving checkpoint done.

Starting epoch 46/200
Batch size = 256
Steps in epoch = 463
Epoch: 46/200 Step: 463/463
loss               0.0078
encoder_mse        0.0015
dec_mse            0.0051
bitwise-error      0.0004
adversarial_bce    1.6548
discr_cover_bce    0.3323
discr_encod_bce    0.3273
----------------------------------------
Epoch 46 training duration 523.38 sec
----------------------------------------
Running validation for epoch 46/200
loss               0.0121
encoder_mse        0.0009
dec_mse            0.0104
bitwise-error      0.0002
adversarial_bce    1.0818
discr_cover_bce    0.1925
discr_encod_bce    0.5174
----------------------------------------
Saving checkpoint to ./runs/my_hidden_coco_run 2026.06.11--12-31-25/checkpoints/my_hidden_coco_run--epoch-46.pyt
Saving checkpoint done.

Starting epoch 47/200
Batch size = 256
Steps in epoch = 463
Epoch: 47/200 Step: 463/463
loss               0.0073
encoder_mse        0.0014
dec_mse            0.0047
bitwise-error      0.0003
adversarial_bce    1.5715
discr_cover_bce    0.3632
discr_encod_bce    0.3586
----------------------------------------
Epoch 47 training duration 523.32 sec
----------------------------------------
Running validation for epoch 47/200
loss               0.0075
encoder_mse        0.0009
dec_mse            0.0058
bitwise-error      0.0003
adversarial_bce    1.0841
discr_cover_bce    0.2057
discr_encod_bce    0.5138
----------------------------------------
Saving checkpoint to ./runs/my_hidden_coco_run 2026.06.11--12-31-25/checkpoints/my_hidden_coco_run--epoch-47.pyt
Saving checkpoint done.

Starting epoch 48/200
Batch size = 256
Steps in epoch = 463
Epoch: 48/200 Step: 463/463
loss               0.0072
encoder_mse        0.0014
dec_mse            0.0046
bitwise-error      0.0003
adversarial_bce    1.5722
discr_cover_bce    0.3660
discr_encod_bce    0.3593
----------------------------------------
Epoch 48 training duration 523.37 sec
----------------------------------------
Running validation for epoch 48/200
loss               0.0124
encoder_mse        0.0007
dec_mse            0.0088
bitwise-error      0.0003
adversarial_bce    3.1149
discr_cover_bce    1.2534
discr_encod_bce    0.0670
----------------------------------------
Saving checkpoint to ./runs/my_hidden_coco_run 2026.06.11--12-31-25/checkpoints/my_hidden_coco_run--epoch-48.pyt
Saving checkpoint done.

Starting epoch 49/200
Batch size = 256
Steps in epoch = 463
Epoch: 49/200 Step: 463/463
loss               0.0072
encoder_mse        0.0014
dec_mse            0.0046
bitwise-error      0.0004
adversarial_bce    1.5762
discr_cover_bce    0.3592
discr_encod_bce    0.3543
----------------------------------------
Epoch 49 training duration 523.33 sec
----------------------------------------
Running validation for epoch 49/200
loss               0.0135
encoder_mse        0.0006
dec_mse            0.0099
bitwise-error      0.0003
adversarial_bce    3.1667
discr_cover_bce    1.2483
discr_encod_bce    0.0821
----------------------------------------
Saving checkpoint to ./runs/my_hidden_coco_run 2026.06.11--12-31-25/checkpoints/my_hidden_coco_run--epoch-49.pyt
Saving checkpoint done.

Starting epoch 50/200
Batch size = 256
Steps in epoch = 463
Epoch: 50/200 Step: 463/463
loss               0.0067
encoder_mse        0.0014
dec_mse            0.0043
bitwise-error      0.0003
adversarial_bce    1.3918
discr_cover_bce    0.4900
discr_encod_bce    0.4852
----------------------------------------
Epoch 50 training duration 523.51 sec
----------------------------------------
Running validation for epoch 50/200
loss               0.0280
encoder_mse        0.0007
dec_mse            0.0257
bitwise-error      0.0007
adversarial_bce    1.8555
discr_cover_bce    0.6704
discr_encod_bce    0.2073
----------------------------------------
Saving checkpoint to ./runs/my_hidden_coco_run 2026.06.11--12-31-25/checkpoints/my_hidden_coco_run--epoch-50.pyt
Saving checkpoint done.

Starting epoch 51/200
Batch size = 256
Steps in epoch = 463
Epoch: 51/200 Step: 463/463
loss               0.0071
encoder_mse        0.0014
dec_mse            0.0046
bitwise-error      0.0004
adversarial_bce    1.5160
discr_cover_bce    0.3633
discr_encod_bce    0.3560
----------------------------------------
Epoch 51 training duration 523.34 sec
----------------------------------------
Running validation for epoch 51/200
loss               0.0114
encoder_mse        0.0007
dec_mse            0.0084
bitwise-error      0.0002
adversarial_bce    2.5029
discr_cover_bce    0.9993
discr_encod_bce    0.1020
----------------------------------------
Saving checkpoint to ./runs/my_hidden_coco_run 2026.06.11--12-31-25/checkpoints/my_hidden_coco_run--epoch-51.pyt
Saving checkpoint done.

Starting epoch 52/200
Batch size = 256
Steps in epoch = 463
Epoch: 52/200 Step: 463/463
loss               0.0070
encoder_mse        0.0014
dec_mse            0.0044
bitwise-error      0.0004
adversarial_bce    1.5631
discr_cover_bce    0.3719
discr_encod_bce    0.3659
----------------------------------------
Epoch 52 training duration 523.51 sec
----------------------------------------
Running validation for epoch 52/200
loss               0.0110
encoder_mse        0.0006
dec_mse            0.0094
bitwise-error      0.0004
adversarial_bce    1.2501
discr_cover_bce    0.3475
discr_encod_bce    0.4431
----------------------------------------
Saving checkpoint to ./runs/my_hidden_coco_run 2026.06.11--12-31-25/checkpoints/my_hidden_coco_run--epoch-52.pyt
Saving checkpoint done.

Starting epoch 53/200
Batch size = 256
Steps in epoch = 463
Epoch: 53/200 Step: 463/463
loss               0.0069
encoder_mse        0.0014
dec_mse            0.0044
bitwise-error      0.0003
adversarial_bce    1.5484
discr_cover_bce    0.3484
discr_encod_bce    0.3455
----------------------------------------
Epoch 53 training duration 523.47 sec
----------------------------------------
Running validation for epoch 53/200
loss               0.0131
encoder_mse        0.0006
dec_mse            0.0120
bitwise-error      0.0004
adversarial_bce    0.7105
discr_cover_bce    0.1779
discr_encod_bce    0.8468
----------------------------------------
Saving checkpoint to ./runs/my_hidden_coco_run 2026.06.11--12-31-25/checkpoints/my_hidden_coco_run--epoch-53.pyt
Saving checkpoint done.

Starting epoch 54/200
Batch size = 256
Steps in epoch = 463
Epoch: 54/200 Step: 463/463
loss               0.0069
encoder_mse        0.0014
dec_mse            0.0043
bitwise-error      0.0003
adversarial_bce    1.6042
discr_cover_bce    0.3659
discr_encod_bce    0.3587
----------------------------------------
Epoch 54 training duration 523.33 sec
----------------------------------------
Running validation for epoch 54/200
loss               0.0148
encoder_mse        0.0007
dec_mse            0.0108
bitwise-error      0.0003
adversarial_bce    3.5266
discr_cover_bce    1.4688
discr_encod_bce    0.0554
----------------------------------------
Saving checkpoint to ./runs/my_hidden_coco_run 2026.06.11--12-31-25/checkpoints/my_hidden_coco_run--epoch-54.pyt
Saving checkpoint done.

Starting epoch 55/200
Batch size = 256
Steps in epoch = 463
Epoch: 55/200 Step: 463/463
loss               0.0069
encoder_mse        0.0015
dec_mse            0.0043
bitwise-error      0.0003
adversarial_bce    1.5880
discr_cover_bce    0.3488
discr_encod_bce    0.3426
----------------------------------------
Epoch 55 training duration 523.37 sec
----------------------------------------
Running validation for epoch 55/200
loss               0.0125
encoder_mse        0.0007
dec_mse            0.0090
bitwise-error      0.0002
adversarial_bce    2.9711
discr_cover_bce    1.2471
discr_encod_bce    0.0744
----------------------------------------
Saving checkpoint to ./runs/my_hidden_coco_run 2026.06.11--12-31-25/checkpoints/my_hidden_coco_run--epoch-55.pyt
Saving checkpoint done.

Starting epoch 56/200
Batch size = 256
Steps in epoch = 463
Epoch: 56/200 Step: 463/463
loss               0.0061
encoder_mse        0.0013
dec_mse            0.0039
bitwise-error      0.0002
adversarial_bce    1.2041
discr_cover_bce    0.6132
discr_encod_bce    0.6051
----------------------------------------
Epoch 56 training duration 523.33 sec
----------------------------------------
Running validation for epoch 56/200
loss               0.0067
encoder_mse        0.0006
dec_mse            0.0059
bitwise-error      0.0002
adversarial_bce    0.4700
discr_cover_bce    0.1137
discr_encod_bce    1.1526
----------------------------------------
Saving checkpoint to ./runs/my_hidden_coco_run 2026.06.11--12-31-25/checkpoints/my_hidden_coco_run--epoch-56.pyt
Saving checkpoint done.

Starting epoch 57/200
Batch size = 256
Steps in epoch = 463
Epoch: 57/200 Step: 463/463
loss               0.0064
encoder_mse        0.0013
dec_mse            0.0040
bitwise-error      0.0002
adversarial_bce    1.4050
discr_cover_bce    0.3858
discr_encod_bce    0.3812
----------------------------------------
Epoch 57 training duration 523.50 sec
----------------------------------------
Running validation for epoch 57/200
loss               0.0089
encoder_mse        0.0008
dec_mse            0.0074
bitwise-error      0.0002
adversarial_bce    0.9422
discr_cover_bce    0.1521
discr_encod_bce    0.6008
----------------------------------------
Saving checkpoint to ./runs/my_hidden_coco_run 2026.06.11--12-31-25/checkpoints/my_hidden_coco_run--epoch-57.pyt
Saving checkpoint done.

Starting epoch 58/200
Batch size = 256
Steps in epoch = 463
